    Updating crates.io index
 Downloading crates ...
  Downloaded quote v1.0.42
  Downloaded thiserror-impl v2.0.17
  Downloaded wyz v0.5.1
  Downloaded unicode-ident v1.0.22
  Downloaded proc-macro2 v1.0.103
  Downloaded crossbeam-utils v0.8.21
  Downloaded rayon-core v1.13.0
  Downloaded num-traits v0.2.19
  Downloaded crossbeam-epoch v0.9.18
  Downloaded autocfg v1.5.0
  Downloaded rayon v1.11.0
  Downloaded thiserror v2.0.17
  Downloaded bitvec v1.0.1
  Downloaded tap v1.0.1
  Downloaded radium v0.7.0
  Downloaded funty v2.0.0
  Downloaded syn v2.0.110
  Downloaded either v1.15.0
  Downloaded crossbeam-deque v0.8.6
  Downloaded byteorder v1.5.0
   Compiling proc-macro2 v1.0.103
   Compiling unicode-ident v1.0.22
   Compiling quote v1.0.42
   Compiling autocfg v1.5.0
   Compiling thiserror v2.0.17
   Compiling radium v0.7.0
   Compiling tap v1.0.1
   Compiling funty v2.0.0
   Compiling byteorder v1.5.0
   Compiling crossbeam-utils v0.8.21
   Compiling rayon-core v1.13.0
   Compiling either v1.15.0
   Compiling wyz v0.5.1
   Compiling num-traits v0.2.19
   Compiling bitvec v1.0.1
   Compiling crossbeam-epoch v0.9.18
   Compiling crossbeam-deque v0.8.6
   Compiling rayon v1.11.0
   Compiling syn v2.0.110
   Compiling thiserror-impl v2.0.17
   Compiling jxl-core v0.1.0 (/home/user/jxl-rust-reference/crates/jxl-core)
   Compiling jxl-bitstream v0.1.0 (/home/user/jxl-rust-reference/crates/jxl-bitstream)
   Compiling jxl-color v0.1.0 (/home/user/jxl-rust-reference/crates/jxl-color)
   Compiling jxl-transform v0.1.0 (/home/user/jxl-rust-reference/crates/jxl-transform)
warning: field `total_freq` is never read
  --> crates/jxl-bitstream/src/ans.rs:30:5
   |
24 | pub struct AnsDistribution {
   |            --------------- field in this struct
...
30 |     total_freq: u32,
   |     ^^^^^^^^^^
   |
   = note: `AnsDistribution` has derived impls for the traits `Clone` and `Debug`, but these are intentionally ignored during dead code analysis
   = note: `#[warn(dead_code)]` (part of `#[warn(unused)]`) on by default

   Compiling jxl-headers v0.1.0 (/home/user/jxl-rust-reference/crates/jxl-headers)
   Compiling jxl-encoder v0.1.0 (/home/user/jxl-rust-reference/crates/jxl-encoder)
   Compiling jxl-decoder v0.1.0 (/home/user/jxl-rust-reference/crates/jxl-decoder)
   Compiling jxl v0.1.0 (/home/user/jxl-rust-reference/crates/jxl)
warning: `jxl-bitstream` (lib) generated 1 warning
warning: unnecessary parentheses around assigned value
  --> crates/jxl/tests/roundtrip_test.rs:49:20
   |
49 |         let diff = (*o as f64 - *d as f64);
   |                    ^                     ^
   |
   = note: `#[warn(unused_parens)]` (part of `#[warn(unused)]`) on by default
help: remove these parentheses
   |
49 -         let diff = (*o as f64 - *d as f64);
49 +         let diff = *o as f64 - *d as f64;
   |

warning: `jxl` (test "roundtrip_test") generated 1 warning (run `cargo fix --test "roundtrip_test"` to apply 1 suggestion)
    Finished `test` profile [unoptimized + debuginfo] target(s) in 34.08s
     Running unittests src/lib.rs (target/debug/deps/jxl-c01c959d9f9d88ec)

running 2 tests
test tests::test_version ... ok
test tests::test_image_creation ... ok

test result: ok. 2 passed; 0 failed; 0 ignored; 0 measured; 0 filtered out; finished in 0.00s

     Running tests/roundtrip_test.rs (target/debug/deps/roundtrip_test-4f6ba98c6343bf9e)

running 4 tests
test test_roundtrip_encode_decode ... ok
test test_solid_color_image ... ok
test test_roundtrip_different_quality_levels ... ok
test test_roundtrip_different_sizes ... ok

test result: ok. 4 passed; 0 failed; 0 ignored; 0 measured; 0 filtered out; finished in 0.23s

     Running unittests src/lib.rs (target/debug/deps/jxl_bitstream-41c87df0ffb2b2c4)

running 9 tests
test ans::tests::test_rans_encode_decode_complex ... ignored, ANS implementation needs debugging - see todo list
test ans::tests::test_rans_encode_decode_simple ... ignored, ANS implementation needs debugging - see todo list
test ans::tests::test_ans_distribution_from_frequencies ... ok
test ans::tests::test_ans_distribution_uniform ... ok
test bitreader::tests::test_read_bit ... ok
test ans::tests::test_build_distribution ... ok
test bitreader::tests::test_read_bits ... ok
test bitwriter::tests::test_write_bit ... ok
test bitwriter::tests::test_write_bits ... ok

test result: ok. 7 passed; 0 failed; 2 ignored; 0 measured; 0 filtered out; finished in 0.00s

     Running unittests src/lib.rs (target/debug/deps/jxl_color-0bcab20ebdca0ac7)

running 5 tests
test correlation::tests::test_decorrelate_roundtrip ... ok
test correlation::tests::test_ycocg_roundtrip ... ok
test srgb::tests::test_u8_conversion ... ok
test srgb::tests::test_srgb_linear_roundtrip ... ok
test xyb::tests::test_rgb_xyb_roundtrip ... ok

test result: ok. 5 passed; 0 failed; 0 ignored; 0 measured; 0 filtered out; finished in 0.00s

     Running unittests src/lib.rs (target/debug/deps/jxl_core-c32a8be6386fc012)

running 0 tests

test result: ok. 0 passed; 0 failed; 0 ignored; 0 measured; 0 filtered out; finished in 0.00s

     Running unittests src/lib.rs (target/debug/deps/jxl_decoder-7021893962ec6859)

running 0 tests

test result: ok. 0 passed; 0 failed; 0 ignored; 0 measured; 0 filtered out; finished in 0.00s

     Running unittests src/lib.rs (target/debug/deps/jxl_encoder-e1acb832acab5368)

running 0 tests

test result: ok. 0 passed; 0 failed; 0 ignored; 0 measured; 0 filtered out; finished in 0.00s

     Running unittests src/lib.rs (target/debug/deps/jxl_headers-7240814e07b1aef3)

running 4 tests
test container::tests::test_box_type_conversion ... ok
test container::tests::test_container_roundtrip ... ok
test container::tests::test_container_signature ... ok
test container::tests::test_file_type_box ... ok

test result: ok. 4 passed; 0 failed; 0 ignored; 0 measured; 0 filtered out; finished in 0.00s

     Running unittests src/lib.rs (target/debug/deps/jxl_transform-318a2435b5b652a1)

running 7 tests
test groups::tests::test_num_groups ... ok
test zigzag::tests::test_channel_zigzag_roundtrip ... ok
test zigzag::tests::test_separate_merge_dc_ac ... ok
test zigzag::tests::test_zigzag_order ... ok
test zigzag::tests::test_zigzag_scan_identity ... ok
test groups::tests::test_create_groups ... ok
test groups::tests::test_extract_insert_group ... ok

test result: ok. 7 passed; 0 failed; 0 ignored; 0 measured; 0 filtered out; finished in 0.01s

   Doc-tests jxl

running 2 tests
test crates/jxl/src/lib.rs - (line 9) - compile ... ok
test crates/jxl/src/lib.rs - (line 19) - compile ... ok

test result: ok. 2 passed; 0 failed; 0 ignored; 0 measured; 0 filtered out; finished in 0.11s

   Doc-tests jxl_bitstream

running 0 tests

test result: ok. 0 passed; 0 failed; 0 ignored; 0 measured; 0 filtered out; finished in 0.00s

   Doc-tests jxl_color

running 0 tests

test result: ok. 0 passed; 0 failed; 0 ignored; 0 measured; 0 filtered out; finished in 0.00s

   Doc-tests jxl_core

running 0 tests

test result: ok. 0 passed; 0 failed; 0 ignored; 0 measured; 0 filtered out; finished in 0.00s

   Doc-tests jxl_decoder

running 0 tests

test result: ok. 0 passed; 0 failed; 0 ignored; 0 measured; 0 filtered out; finished in 0.00s

   Doc-tests jxl_encoder

running 0 tests

test result: ok. 0 passed; 0 failed; 0 ignored; 0 measured; 0 filtered out; finished in 0.00s

   Doc-tests jxl_headers

running 0 tests

test result: ok. 0 passed; 0 failed; 0 ignored; 0 measured; 0 filtered out; finished in 0.00s

   Doc-tests jxl_transform

running 1 test
test crates/jxl-transform/src/zigzag.rs - zigzag::zigzag_scan_8x8 (line 28) ... ok

test result: ok. 1 passed; 0 failed; 0 ignored; 0 measured; 0 filtered out; finished in 0.33s

